timestamp | parent_pid | worker_pid | cpu_percent | status
2026-09-25T19:31:15 | 1 | nenhum | 0.0 | aguardando
2026-09-25T19:31:15 | 1 | 8 | 78.2 | running
2026-09-25T19:31:15 | 1 | 9 | 95.5 | running
2026-09-25T19:31:15 | 1 | 10 | 97.8 | running
2026-09-25T19:31:15 | 1 | 11 | 98.5 | running
2026-09-25T19:31:15 | 1 | 8 | 97.6 | running
2026-09-25T19:31:15 | 1 | 9 | 98.9 | running
2026-09-25T19:31:15 | 1 | 10 | 98.4 | running
2026-09-25T19:31:15 | 1 | 11 | 99.0 | running
2026-09-25T19:31:15 | 1 | 8 | 98.1 | running
2026-09-25T19:31:15 | 1 | 9 | 99.0 | running
2026-09-25T19:31:15 | 1 | 10 | 97.8 | running
2026-09-25T19:31:15 | 1 | 11 | 118.8 | running
2026-09-25T19:31:15 | 1 | 8 | 98.2 | running
2026-09-25T19:31:15 | 1 | 9 | 98.5 | running
2026-09-25T19:31:15 | 1 | 10 | 98.5 | running
2026-09-25T19:31:15 | 1 | 11 | 98.3 | running
2026-09-25T19:31:15 | 1 | 8 | 97.4 | running
2026-09-25T19:31:15 | 1 | 9 | 99.0 | running
2026-09-25T19:31:15 | 1 | 10 | 98.4 | running
2026-09-25T19:31:15 | 1 | 11 | 99.0 | running
2026-09-25T19:31:16 | 1 | 8 | 98.1 | running
2026-09-25T19:31:16 | 1 | 9 | 98.6 | running
2026-09-25T19:31:16 | 1 | 10 | 99.1 | running
2026-09-25T19:31:16 | 1 | 11 | 98.4 | running
2026-09-25T19:31:16 | 1 | 8 | 99.1 | running
2026-09-25T19:31:16 | 1 | 9 | 98.6 | running
2026-09-25T19:31:16 | 1 | 10 | 99.0 | running
2026-09-25T19:31:16 | 1 | 11 | 98.0 | running
2026-09-25T19:31:16 | 1 | 8 | 97.1 | running
2026-09-25T19:31:16 | 1 | 9 | 99.3 | running
2026-09-25T19:31:16 | 1 | 10 | 98.8 | running
2026-09-25T19:31:16 | 1 | 11 | 98.8 | running
2026-09-25T19:31:16 | 1 | 8 | 98.7 | running
2026-09-25T19:31:16 | 1 | 9 | 99.0 | running
2026-09-25T19:31:16 | 1 | 10 | 98.4 | running
2026-09-25T19:31:16 | 1 | 11 | 99.2 | running
2026-09-25T19:31:16 | 1 | 8 | 98.4 | running
2026-09-25T19:31:16 | 1 | 9 | 98.9 | running
2026-09-25T19:31:16 | 1 | 10 | 116.8 | running
2026-09-25T19:31:16 | 1 | 11 | 117.9 | running
2026-09-25T19:31:16 | 1 | 8 | 98.7 | running
2026-09-25T19:31:16 | 1 | 9 | 99.1 | running
2026-09-25T19:31:16 | 1 | 10 | 98.7 | running
2026-09-25T19:31:16 | 1 | 11 | 99.0 | running
2026-09-25T19:31:17 | 1 | 8 | 98.7 | running
2026-09-25T19:31:17 | 1 | 9 | 98.7 | running
2026-09-25T19:31:17 | 1 | 10 | 99.0 | running
2026-09-25T19:31:17 | 1 | 11 | 99.2 | running
2026-09-25T19:31:17 | 1 | 8 | 118.9 | running
2026-09-25T19:31:17 | 1 | 9 | 119.4 | running
2026-09-25T19:31:17 | 1 | 10 | 118.2 | running
2026-09-25T19:31:17 | 1 | 11 | 119.2 | running
2026-09-25T19:31:17 | 1 | 8 | 99.0 | running
2026-09-25T19:31:17 | 1 | 9 | 99.2 | running
2026-09-25T19:31:17 | 1 | 10 | 98.4 | running
2026-09-25T19:31:17 | 1 | 11 | 97.9 | running
2026-09-25T19:31:17 | 1 | 8 | 98.6 | running
2026-09-25T19:31:17 | 1 | 9 | 98.6 | running
2026-09-25T19:31:17 | 1 | 10 | 99.0 | running
2026-09-25T19:31:17 | 1 | 11 | 98.7 | running
2026-09-25T19:31:17 | 1 | 8 | 98.5 | running
2026-09-25T19:31:17 | 1 | 9 | 98.6 | running
2026-09-25T19:31:17 | 1 | 10 | 99.5 | running
2026-09-25T19:31:17 | 1 | 11 | 99.0 | running
2026-09-25T19:31:17 | 1 | 8 | 97.7 | running
2026-09-25T19:31:17 | 1 | 9 | 98.5 | running
2026-09-25T19:31:17 | 1 | 10 | 99.2 | running
2026-09-25T19:31:17 | 1 | 11 | 99.3 | running
2026-09-25T19:31:17 | 1 | 8 | 77.0 | running
2026-09-25T19:31:17 | 1 | 9 | 78.9 | running
2026-09-25T19:31:17 | 1 | 10 | 78.6 | running
2026-09-25T19:31:17 | 1 | 11 | 78.9 | running
2026-09-25T19:31:18 | 1 | 8 | 97.9 | running
2026-09-25T19:31:18 | 1 | 9 | 98.3 | running
2026-09-25T19:31:18 | 1 | 10 | 98.0 | running
2026-09-25T19:31:18 | 1 | 11 | 99.0 | running
2026-09-25T19:31:18 | 1 | 8 | 118.1 | running
2026-09-25T19:31:18 | 1 | 9 | 118.3 | running
2026-09-25T19:31:18 | 1 | 10 | 117.0 | running
2026-09-25T19:31:18 | 1 | 11 | 117.2 | running
2026-09-25T19:31:18 | 1 | 8 | 97.7 | running
2026-09-25T19:31:18 | 1 | 9 | 98.9 | running
2026-09-25T19:31:18 | 1 | 10 | 98.7 | running
2026-09-25T19:31:18 | 1 | 11 | 98.8 | running
2026-09-25T19:31:18 | 1 | 8 | 98.1 | running
2026-09-25T19:31:18 | 1 | 9 | 99.1 | running
2026-09-25T19:31:18 | 1 | 10 | 99.0 | running
2026-09-25T19:31:18 | 1 | 11 | 98.8 | running
2026-09-25T19:31:18 | 1 | 8 | 99.0 | running
2026-09-25T19:31:18 | 1 | 9 | 99.4 | running
2026-09-25T19:31:18 | 1 | 10 | 98.4 | running
2026-09-25T19:31:18 | 1 | 11 | 98.6 | running
2026-09-25T19:31:18 | 1 | 8 | 98.7 | running
2026-09-25T19:31:18 | 1 | 9 | 98.9 | running
2026-09-25T19:31:18 | 1 | 10 | 99.1 | running
2026-09-25T19:31:18 | 1 | 11 | 98.5 | running
2026-09-25T19:31:19 | 1 | 8 | 98.8 | running
2026-09-25T19:31:19 | 1 | 9 | 99.1 | running
2026-09-25T19:31:19 | 1 | 10 | 97.9 | running
2026-09-25T19:31:19 | 1 | 11 | 118.0 | running
2026-09-25T19:31:19 | 1 | 8 | 99.2 | running
2026-09-25T19:31:19 | 1 | 9 | 98.3 | running
2026-09-25T19:31:19 | 1 | 10 | 99.1 | running
2026-09-25T19:31:19 | 1 | 11 | 98.1 | running
2026-09-25T19:31:19 | 1 | 8 | 118.8 | running
2026-09-25T19:31:19 | 1 | 9 | 118.3 | running
2026-09-25T19:31:19 | 1 | 10 | 118.1 | running
2026-09-25T19:31:19 | 1 | 11 | 98.6 | running
2026-09-25T19:31:19 | 1 | 8 | 99.0 | running
2026-09-25T19:31:19 | 1 | 9 | 98.2 | running
2026-09-25T19:31:19 | 1 | 10 | 97.8 | running
2026-09-25T19:31:19 | 1 | 11 | 98.2 | running
2026-09-25T19:31:19 | 1 | 8 | 78.5 | running
2026-09-25T19:31:19 | 1 | 9 | 97.7 | running
2026-09-25T19:31:19 | 1 | 10 | 98.5 | running
2026-09-25T19:31:19 | 1 | 11 | 98.7 | running
2026-09-25T19:31:19 | 1 | 8 | 98.7 | running
2026-09-25T19:31:19 | 1 | 9 | 99.3 | running
2026-09-25T19:31:19 | 1 | 10 | 97.9 | running
2026-09-25T19:31:19 | 1 | 11 | 98.7 | running
2026-09-25T19:31:19 | 1 | 8 | 98.4 | running
2026-09-25T19:31:19 | 1 | 9 | 98.5 | running
2026-09-25T19:31:19 | 1 | 10 | 98.7 | running
2026-09-25T19:31:19 | 1 | 11 | 99.0 | running
2026-09-25T19:31:20 | 1 | 8 | 99.1 | running
2026-09-25T19:31:20 | 1 | 9 | 98.7 | running
2026-09-25T19:31:20 | 1 | 10 | 98.7 | running
2026-09-25T19:31:20 | 1 | 11 | 118.4 | running
2026-09-25T19:31:20 | 1 | 8 | 98.6 | running
2026-09-25T19:31:20 | 1 | 9 | 98.8 | running
2026-09-25T19:31:20 | 1 | 10 | 98.7 | running
2026-09-25T19:31:20 | 1 | 11 | 99.3 | running
2026-09-25T19:31:20 | 1 | 8 | 116.8 | running
2026-09-25T19:31:20 | 1 | 9 | 117.6 | running
2026-09-25T19:31:20 | 1 | 10 | 118.2 | running
2026-09-25T19:31:20 | 1 | 11 | 98.9 | running
2026-09-25T19:31:20 | 1 | 8 | 98.1 | running
2026-09-25T19:31:20 | 1 | 9 | 97.9 | running
2026-09-25T19:31:20 | 1 | 10 | 98.3 | running
2026-09-25T19:31:20 | 1 | 11 | 98.1 | running
2026-09-25T19:31:20 | 1 | 8 | 99.6 | running
2026-09-25T19:31:20 | 1 | 9 | 99.0 | running
2026-09-25T19:31:20 | 1 | 10 | 98.7 | running
2026-09-25T19:31:20 | 1 | 11 | 98.5 | running
2026-09-25T19:31:20 | 1 | 8 | 118.9 | running
2026-09-25T19:31:20 | 1 | 9 | 98.9 | running
2026-09-25T19:31:20 | 1 | 10 | 98.9 | running
2026-09-25T19:31:20 | 1 | 11 | 78.8 | running
2026-09-25T19:31:21 | 1 | 8 | 98.6 | running
2026-09-25T19:31:21 | 1 | 9 | 98.8 | running
2026-09-25T19:31:21 | 1 | 10 | 98.2 | running
2026-09-25T19:31:21 | 1 | 11 | 98.2 | running
2026-09-25T19:31:21 | 1 | 8 | 78.7 | running
2026-09-25T19:31:21 | 1 | 9 | 98.6 | running
2026-09-25T19:31:21 | 1 | 10 | 79.5 | running
2026-09-25T19:31:21 | 1 | 11 | 98.6 | running
2026-09-25T19:31:21 | 1 | 8 | 99.5 | running
2026-09-25T19:31:21 | 1 | 9 | 99.2 | running
2026-09-25T19:31:21 | 1 | 10 | 99.1 | running
2026-09-25T19:31:21 | 1 | 11 | 98.4 | running
2026-09-25T19:31:21 | 1 | 8 | 99.3 | running
2026-09-25T19:31:21 | 1 | 9 | 98.8 | running
2026-09-25T19:31:21 | 1 | 10 | 98.7 | running
2026-09-25T19:31:21 | 1 | 11 | 99.6 | running
2026-09-25T19:31:21 | 1 | 8 | 98.6 | running
2026-09-25T19:31:21 | 1 | 9 | 98.0 | running
2026-09-25T19:31:21 | 1 | 10 | 98.6 | running
2026-09-25T19:31:21 | 1 | 11 | 117.6 | running
2026-09-25T19:31:21 | 1 | 8 | 98.8 | running
2026-09-25T19:31:21 | 1 | 9 | 99.0 | running
2026-09-25T19:31:21 | 1 | 10 | 98.5 | running
2026-09-25T19:31:21 | 1 | 11 | 98.2 | running
2026-09-25T19:31:21 | 1 | 8 | 118.3 | running
2026-09-25T19:31:21 | 1 | 9 | 99.5 | running
2026-09-25T19:31:21 | 1 | 10 | 119.2 | running
2026-09-25T19:31:21 | 1 | 11 | 98.7 | running
2026-09-25T19:31:22 | 1 | 8 | 98.7 | running
2026-09-25T19:31:22 | 1 | 9 | 98.9 | running
2026-09-25T19:31:22 | 1 | 10 | 98.0 | running
2026-09-25T19:31:22 | 1 | 11 | 118.7 | running
2026-09-25T19:31:22 | 1 | 8 | 98.7 | running
2026-09-25T19:31:22 | 1 | 9 | 99.1 | running
2026-09-25T19:31:22 | 1 | 10 | 98.5 | running
2026-09-25T19:31:22 | 1 | 11 | 98.4 | running
2026-09-25T19:31:22 | 1 | 8 | 117.9 | running
2026-09-25T19:31:22 | 1 | 9 | 119.3 | running
2026-09-25T19:31:22 | 1 | 10 | 117.6 | running
2026-09-25T19:31:22 | 1 | 11 | 98.5 | running
2026-09-25T19:31:22 | 1 | 8 | 99.0 | running
2026-09-25T19:31:22 | 1 | 9 | 98.6 | running
2026-09-25T19:31:22 | 1 | 10 | 98.9 | running
2026-09-25T19:31:22 | 1 | 11 | 98.3 | running
2026-09-25T19:31:22 | 1 | 8 | 98.0 | running
2026-09-25T19:31:22 | 1 | 9 | 99.0 | running
2026-09-25T19:31:22 | 1 | 10 | 99.0 | running
2026-09-25T19:31:22 | 1 | 11 | 98.4 | running
2026-09-25T19:31:22 | 1 | 8 | 99.0 | running
2026-09-25T19:31:22 | 1 | 9 | 97.6 | running
2026-09-25T19:31:22 | 1 | 10 | 98.5 | running
2026-09-25T19:31:22 | 1 | 11 | 97.1 | running
2026-09-25T19:31:23 | 1 | 8 | 98.6 | running
2026-09-25T19:31:23 | 1 | 9 | 99.0 | running
2026-09-25T19:31:23 | 1 | 10 | 98.7 | running
2026-09-25T19:31:23 | 1 | 11 | 98.7 | running
2026-09-25T19:31:23 | 1 | 8 | 98.8 | running
2026-09-25T19:31:23 | 1 | 9 | 99.3 | running
2026-09-25T19:31:23 | 1 | 10 | 79.3 | running
2026-09-25T19:31:23 | 1 | 11 | 99.5 | running
2026-09-25T19:31:23 | 1 | 8 | 98.7 | running
2026-09-25T19:31:23 | 1 | 9 | 99.3 | running
2026-09-25T19:31:23 | 1 | 10 | 98.6 | running
2026-09-25T19:31:23 | 1 | 11 | 98.3 | running
2026-09-25T19:31:23 | 1 | 8 | 99.3 | running
2026-09-25T19:31:23 | 1 | 9 | 99.3 | running
2026-09-25T19:31:23 | 1 | 10 | 98.0 | running
2026-09-25T19:31:23 | 1 | 11 | 98.6 | running
2026-09-25T19:31:23 | 1 | 8 | 99.0 | running
2026-09-25T19:31:23 | 1 | 9 | 98.9 | running
2026-09-25T19:31:23 | 1 | 10 | 98.7 | running
2026-09-25T19:31:23 | 1 | 11 | 118.0 | running
2026-09-25T19:31:23 | 1 | 8 | 98.9 | running
2026-09-25T19:31:23 | 1 | 9 | 99.0 | running
2026-09-25T19:31:23 | 1 | 10 | 98.8 | running
2026-09-25T19:31:23 | 1 | 11 | 98.7 | running
2026-09-25T19:31:23 | 1 | 8 | 118.4 | running
2026-09-25T19:31:23 | 1 | 9 | 99.1 | running
2026-09-25T19:31:23 | 1 | 10 | 119.1 | running
2026-09-25T19:31:23 | 1 | 11 | 98.4 | running
2026-09-25T19:31:24 | 1 | 8 | 98.0 | running
2026-09-25T19:31:24 | 1 | 9 | 99.0 | running
2026-09-25T19:31:24 | 1 | 10 | 98.1 | running
2026-09-25T19:31:24 | 1 | 11 | 98.6 | running
2026-09-25T19:31:24 | 1 | 8 | 99.3 | running
2026-09-25T19:31:24 | 1 | 9 | 99.1 | running
2026-09-25T19:31:24 | 1 | 10 | 98.8 | running
2026-09-25T19:31:24 | 1 | 11 | 98.3 | running
2026-09-25T19:31:24 | 1 | 8 | 98.5 | running
2026-09-25T19:31:24 | 1 | 9 | 98.2 | running
2026-09-25T19:31:24 | 1 | 10 | 98.5 | running
2026-09-25T19:31:24 | 1 | 11 | 79.4 | running
2026-09-25T19:31:24 | 1 | 8 | 98.6 | running
2026-09-25T19:31:24 | 1 | 9 | 98.8 | running
2026-09-25T19:31:24 | 1 | 10 | 98.2 | running
2026-09-25T19:31:24 | 1 | 11 | 98.3 | running
2026-09-25T19:31:24 | 1 | 8 | 78.8 | running
2026-09-25T19:31:24 | 1 | 9 | 118.8 | running
2026-09-25T19:31:24 | 1 | 10 | 98.4 | running
2026-09-25T19:31:24 | 1 | 11 | 98.9 | running
2026-09-25T19:31:24 | 1 | 8 | 98.2 | running
2026-09-25T19:31:24 | 1 | 9 | 99.5 | running
2026-09-25T19:31:24 | 1 | 10 | 99.2 | running
2026-09-25T19:31:24 | 1 | 11 | 98.5 | running
2026-09-25T19:31:25 | 1 | 8 | 118.1 | running
2026-09-25T19:31:25 | 1 | 9 | 98.8 | running
2026-09-25T19:31:25 | 1 | 10 | 117.8 | running
2026-09-25T19:31:25 | 1 | 11 | 99.2 | running
2026-09-25T19:31:25 | 1 | 8 | 98.5 | running
2026-09-25T19:31:25 | 1 | 9 | 98.9 | running
2026-09-25T19:31:25 | 1 | 10 | 98.8 | running
2026-09-25T19:31:25 | 1 | 11 | 98.8 | running
2026-09-25T19:31:25 | 1 | 8 | 98.6 | running
2026-09-25T19:31:25 | 1 | 9 | 98.9 | running
2026-09-25T19:31:25 | 1 | 10 | 98.6 | running
2026-09-25T19:31:25 | 1 | 11 | 98.3 | running
2026-09-25T19:31:25 | 1 | 8 | 98.7 | running
2026-09-25T19:31:25 | 1 | 9 | 79.1 | running
2026-09-25T19:31:25 | 1 | 10 | 99.1 | running
2026-09-25T19:31:25 | 1 | 11 | 79.0 | running
2026-09-25T19:31:25 | 1 | 8 | 98.7 | running
2026-09-25T19:31:25 | 1 | 9 | 99.1 | running
2026-09-25T19:31:25 | 1 | 10 | 98.4 | running
2026-09-25T19:31:25 | 1 | 11 | 99.2 | running
2026-09-25T19:31:25 | 1 | 8 | 79.4 | running
2026-09-25T19:31:25 | 1 | 9 | 99.0 | running
2026-09-25T19:31:25 | 1 | 10 | 79.5 | running
2026-09-25T19:31:25 | 1 | 11 | 98.4 | running
2026-09-25T19:31:25 | 1 | 8 | 98.8 | running
2026-09-25T19:31:25 | 1 | 9 | 99.1 | running
2026-09-25T19:31:25 | 1 | 10 | 97.1 | running
2026-09-25T19:31:25 | 1 | 11 | 98.3 | running
2026-09-25T19:31:26 | 1 | 8 | 117.0 | running
2026-09-25T19:31:26 | 1 | 9 | 98.5 | running
2026-09-25T19:31:26 | 1 | 10 | 118.2 | running
2026-09-25T19:31:26 | 1 | 11 | 98.7 | running
2026-09-25T19:31:26 | 1 | 8 | 98.8 | running
2026-09-25T19:31:26 | 1 | 9 | 119.2 | sleeping
2026-09-25T19:31:26 | 1 | 10 | 39.7 | sleeping
2026-09-25T19:31:26 | 1 | 11 | 0.0 | sleeping
2026-09-25T19:31:26 | 1 | nenhum | 0.0 | finalizado
