timestamp | parent_pid | worker_pid | cpu_percent | status
2026-09-25T20:57:08 | 1 | nenhum | 0.0 | aguardando
2026-09-25T20:57:08 | 1 | 8 | 118.9 | running
2026-09-25T20:57:08 | 1 | 9 | 118.5 | running
2026-09-25T20:57:08 | 1 | 10 | 119.1 | running
2026-09-25T20:57:08 | 1 | 11 | 99.3 | running
2026-09-25T20:57:09 | 1 | 8 | 98.6 | running
2026-09-25T20:57:09 | 1 | 9 | 99.1 | running
2026-09-25T20:57:09 | 1 | 10 | 99.2 | running
2026-09-25T20:57:09 | 1 | 11 | 79.1 | running
2026-09-25T20:57:09 | 1 | 8 | 99.0 | running
2026-09-25T20:57:09 | 1 | 9 | 98.9 | running
2026-09-25T20:57:09 | 1 | 10 | 98.5 | running
2026-09-25T20:57:09 | 1 | 11 | 99.1 | running
2026-09-25T20:57:09 | 1 | 8 | 119.0 | running
2026-09-25T20:57:09 | 1 | 9 | 119.1 | running
2026-09-25T20:57:09 | 1 | 10 | 118.9 | running
2026-09-25T20:57:09 | 1 | 11 | 99.0 | running
2026-09-25T20:57:09 | 1 | 8 | 98.3 | running
2026-09-25T20:57:09 | 1 | 9 | 99.2 | running
2026-09-25T20:57:09 | 1 | 10 | 99.4 | running
2026-09-25T20:57:09 | 1 | 11 | 79.4 | running
2026-09-25T20:57:09 | 1 | 8 | 99.4 | running
2026-09-25T20:57:09 | 1 | 9 | 99.2 | running
2026-09-25T20:57:09 | 1 | 10 | 97.7 | running
2026-09-25T20:57:09 | 1 | 11 | 98.7 | running
2026-09-25T20:57:09 | 1 | 8 | 118.6 | running
2026-09-25T20:57:09 | 1 | 9 | 119.3 | running
2026-09-25T20:57:09 | 1 | 10 | 118.7 | running
2026-09-25T20:57:09 | 1 | 11 | 97.3 | running
2026-09-25T20:57:09 | 1 | 8 | 99.4 | running
2026-09-25T20:57:09 | 1 | 9 | 99.2 | running
2026-09-25T20:57:09 | 1 | 10 | 98.9 | running
2026-09-25T20:57:09 | 1 | 11 | 98.6 | running
2026-09-25T20:57:10 | 1 | 8 | 98.8 | running
2026-09-25T20:57:10 | 1 | 9 | 99.1 | running
2026-09-25T20:57:10 | 1 | 10 | 98.8 | running
2026-09-25T20:57:10 | 1 | 11 | 98.2 | running
2026-09-25T20:57:10 | 1 | 8 | 98.9 | running
2026-09-25T20:57:10 | 1 | 9 | 98.7 | running
2026-09-25T20:57:10 | 1 | 10 | 98.8 | running
2026-09-25T20:57:10 | 1 | 11 | 99.2 | running
2026-09-25T20:57:10 | 1 | 8 | 97.7 | running
2026-09-25T20:57:10 | 1 | 9 | 98.9 | running
2026-09-25T20:57:10 | 1 | 10 | 98.4 | running
2026-09-25T20:57:10 | 1 | 11 | 99.0 | running
2026-09-25T20:57:10 | 1 | 8 | 99.2 | running
2026-09-25T20:57:10 | 1 | 9 | 98.6 | running
2026-09-25T20:57:10 | 1 | 10 | 118.2 | running
2026-09-25T20:57:10 | 1 | 11 | 98.6 | running
2026-09-25T20:57:10 | 1 | 8 | 98.6 | running
2026-09-25T20:57:10 | 1 | 9 | 99.0 | running
2026-09-25T20:57:10 | 1 | 10 | 99.1 | running
2026-09-25T20:57:10 | 1 | 11 | 98.7 | running
2026-09-25T20:57:10 | 1 | 8 | 98.5 | running
2026-09-25T20:57:10 | 1 | 9 | 98.9 | running
2026-09-25T20:57:10 | 1 | 10 | 98.6 | running
2026-09-25T20:57:10 | 1 | 11 | 98.9 | running
2026-09-25T20:57:11 | 1 | 8 | 98.2 | sleeping
2026-09-25T20:57:11 | 1 | 9 | 99.0 | running
2026-09-25T20:57:11 | 1 | 10 | 0.0 | sleeping
2026-09-25T20:57:11 | 1 | 11 | 0.0 | sleeping
2026-09-25T20:57:11 | 1 | nenhum | 0.0 | finalizado
